// Jest Snapshot v1, https://goo.gl/fbAQLP

exports[`Gem Component Gem component snapshot 1`] = `
<View
  accessibilityState={
    {
      "busy": undefined,
      "checked": undefined,
      "disabled": undefined,
      "expanded": undefined,
      "selected": undefined,
    }
  }
  accessibilityValue={
    {
      "max": undefined,
      "min": undefined,
      "now": undefined,
      "text": undefined,
    }
  }
  accessible={true}
  collapsable={false}
  focusable={true}
  onBlur={[Function]}
  onClick={[Function]}
  onFocus={[Function]}
  onResponderGrant={[Function]}
  onResponderMove={[Function]}
  onResponderRelease={[Function]}
  onResponderTerminate={[Function]}
  onResponderTerminationRequest={[Function]}
  onStartShouldSetResponder={[Function]}
>
  <View
    style={
      {
        "alignItems": "center",
        "justifyContent": "center",
      }
    }
    testID="gem-container"
  >
    <View
      style={
        [
          {
            "position": "absolute",
          },
          {
            "zIndex": 1,
          },
        ]
      }
    />
  </View>
</View>
`;
