// Jest Snapshot v1, https://goo.gl/fbAQLP

exports[`MarkdownView Component matches snapshot 1`] = `
<View
  style={
    {
      "backfaceVisibility": undefined,
      "borderRadius": 20,
      "bottom": undefined,
      "direction": undefined,
      "display": undefined,
      "end": undefined,
      "height": undefined,
      "left": undefined,
      "margin": undefined,
      "marginBottom": undefined,
      "marginEnd": undefined,
      "marginHorizontal": undefined,
      "marginLeft": undefined,
      "marginRight": undefined,
      "marginStart": undefined,
      "marginTop": undefined,
      "marginVertical": undefined,
      "opacity": undefined,
      "position": undefined,
      "right": undefined,
      "start": undefined,
      "top": undefined,
      "transform": undefined,
      "width": undefined,
      "zIndex": undefined,
    }
  }
>
  <View
    style={
      [
        {
          "backgroundColor": "#F5F7F8",
          "borderRadius": 20,
          "height": undefined,
          "shadowColor": "black",
          "shadowOffset": {
            "x": 5,
            "y": 5,
          },
          "shadowOpacity": 0.04970404046150326,
          "shadowRadius": 10,
          "width": undefined,
        },
        {
          "position": "absolute",
          "shadowOffset": {
            "height": 5,
            "width": 5,
          },
          "shadowRadius": 5,
        },
      ]
    }
  />
  <View
    style={
      [
        {
          "backgroundColor": "#F5F7F8",
          "borderRadius": 20,
          "height": undefined,
          "shadowColor": "white",
          "shadowOffset": {
            "x": -5,
            "y": -5,
          },
          "shadowOpacity": 0.8615387444286695,
          "shadowRadius": 10,
          "width": undefined,
        },
        {
          "position": "absolute",
          "shadowOffset": {
            "height": -5,
            "width": -5,
          },
          "shadowRadius": 5,
        },
      ]
    }
  />
  <View
    style={
      {
        "backgroundColor": "#F5F7F8",
        "borderRadius": 20,
        "height": undefined,
        "width": undefined,
      }
    }
  >
    <View>
      <RCTScrollView
        contentInsetAdjustmentBehavior="automatic"
        showsVerticalScrollIndicator={false}
        style={
          {
            "alignSelf": "center",
            "height": "100%",
            "paddingHorizontal": 15,
            "paddingVertical": 20,
            "width": "90%",
          }
        }
      >
        <View>
          <View
            style={{}}
          >
            <View
              style={
                {
                  "flexDirection": "row",
                }
              }
            >
              <Text
                style={{}}
              >
                <Text
                  style={
                    [
                      {
                        "color": "#808080",
                        "fontFamily": "mont",
                        "fontSize": 42.857142857142854,
                        "fontWeight": "normal",
                      },
                      {},
                    ]
                  }
                >
                  Heading 2
                </Text>
              </Text>
            </View>
            <View
              style={
                {
                  "alignItems": "flex-start",
                  "flexDirection": "row",
                  "flexWrap": "wrap",
                  "justifyContent": "flex-start",
                  "marginBottom": 10,
                  "marginTop": 10,
                  "width": "100%",
                }
              }
            >
              <Text
                style={{}}
              >
                <Text
                  style={
                    [
                      {
                        "color": "#808080",
                        "fontFamily": "Montserrat-Regular",
                        "fontSize": 32.14285714285714,
                        "fontWeight": "normal",
                      },
                      {},
                    ]
                  }
                >
                  This is some 
                </Text>
                <Text
                  style={
                    {
                      "fontWeight": "bold",
                    }
                  }
                >
                  <Text
                    style={
                      [
                        {
                          "color": "#808080",
                          "fontFamily": "Montserrat-Regular",
                          "fontSize": 32.14285714285714,
                          "fontWeight": "bold",
                        },
                        {},
                      ]
                    }
                  >
                    bold
                  </Text>
                </Text>
                <Text
                  style={
                    [
                      {
                        "color": "#808080",
                        "fontFamily": "Montserrat-Regular",
                        "fontSize": 32.14285714285714,
                        "fontWeight": "normal",
                      },
                      {},
                    ]
                  }
                >
                   and 
                </Text>
                <Text
                  style={
                    {
                      "fontStyle": "italic",
                    }
                  }
                >
                  <Text
                    style={
                      [
                        {
                          "color": "#808080",
                          "fontFamily": "Montserrat-Regular",
                          "fontSize": 32.14285714285714,
                          "fontStyle": "italic",
                          "fontWeight": "normal",
                        },
                        {},
                      ]
                    }
                  >
                    italic
                  </Text>
                </Text>
                <Text
                  style={
                    [
                      {
                        "color": "#808080",
                        "fontFamily": "Montserrat-Regular",
                        "fontSize": 32.14285714285714,
                        "fontWeight": "normal",
                      },
                      {},
                    ]
                  }
                >
                   text.
                </Text>
              </Text>
            </View>
            <View
              style={{}}
            >
              <View
                style={
                  {
                    "flexDirection": "row",
                    "justifyContent": "flex-start",
                  }
                }
              >
                <Text
                  accessible={false}
                  style={
                    [
                      {
                        "color": "#808080",
                        "fontFamily": "Montserrat-Regular",
                        "fontSize": 32.14285714285714,
                        "fontWeight": "normal",
                      },
                      {
                        "marginLeft": 10,
                        "marginRight": 10,
                      },
                    ]
                  }
                >
                  ·
                </Text>
                <View
                  style={
                    {
                      "flex": 1,
                    }
                  }
                >
                  <Text
                    style={{}}
                  >
                    <Text
                      style={
                        [
                          {
                            "color": "#808080",
                            "fontFamily": "Montserrat-Regular",
                            "fontSize": 32.14285714285714,
                            "fontWeight": "normal",
                          },
                          {},
                        ]
                      }
                    >
                      Item 1
                    </Text>
                  </Text>
                </View>
              </View>
              <View
                style={
                  {
                    "flexDirection": "row",
                    "justifyContent": "flex-start",
                  }
                }
              >
                <Text
                  accessible={false}
                  style={
                    [
                      {
                        "color": "#808080",
                        "fontFamily": "Montserrat-Regular",
                        "fontSize": 32.14285714285714,
                        "fontWeight": "normal",
                      },
                      {
                        "marginLeft": 10,
                        "marginRight": 10,
                      },
                    ]
                  }
                >
                  ·
                </Text>
                <View
                  style={
                    {
                      "flex": 1,
                    }
                  }
                >
                  <Text
                    style={{}}
                  >
                    <Text
                      style={
                        [
                          {
                            "color": "#808080",
                            "fontFamily": "Montserrat-Regular",
                            "fontSize": 32.14285714285714,
                            "fontWeight": "normal",
                          },
                          {},
                        ]
                      }
                    >
                      Item 2
                    </Text>
                  </Text>
                </View>
              </View>
              <View
                style={
                  {
                    "flexDirection": "row",
                    "justifyContent": "flex-start",
                  }
                }
              >
                <Text
                  accessible={false}
                  style={
                    [
                      {
                        "color": "#808080",
                        "fontFamily": "Montserrat-Regular",
                        "fontSize": 32.14285714285714,
                        "fontWeight": "normal",
                      },
                      {
                        "marginLeft": 10,
                        "marginRight": 10,
                      },
                    ]
                  }
                >
                  ·
                </Text>
                <View
                  style={
                    {
                      "flex": 1,
                    }
                  }
                >
                  <Text
                    style={{}}
                  >
                    <Text
                      style={
                        [
                          {
                            "color": "#808080",
                            "fontFamily": "Montserrat-Regular",
                            "fontSize": 32.14285714285714,
                            "fontWeight": "normal",
                          },
                          {},
                        ]
                      }
                    >
                      Item 3
                    </Text>
                  </Text>
                </View>
              </View>
            </View>
          </View>
          <View
            style={
              {
                "height": 45.91836734693877,
                "width": 0,
              }
            }
            testID="space-component"
          />
          <View
            style={
              {
                "alignSelf": "center",
                "width": 750,
              }
            }
          >
            <View
              testID="mock-children"
            />
          </View>
          <View
            style={
              {
                "height": 459.1836734693877,
                "width": 0,
              }
            }
            testID="space-component"
          />
        </View>
      </RCTScrollView>
    </View>
  </View>
</View>
`;
